<?xml version="1.0" encoding="UTF-8"?>
<testsuites>
  <testsuite name="All" tests="1" assertions="600" failures="0" errors="0" time="21.304453">
    <testsuite name="BitcoinPHP\BitcoinECDSA\BitcoinECDSATest" file="/var/www/2/vendor/BitcoinECDSA.php/src/BitcoinPHP/Tests/BitcoinECDSATest.php" tests="1" assertions="600" failures="0" errors="0" time="21.304453">
      <testcase name="testAll" class="BitcoinPHP\BitcoinECDSA\BitcoinECDSATest" file="/var/www/2/vendor/BitcoinECDSA.php/src/BitcoinPHP/Tests/BitcoinECDSATest.php" line="8" assertions="600" time="21.304453"/>
    </testsuite>
  </testsuite>
</testsuites>
